 Alpine Expression Error: connectionStatus is not defined

Expression: "connectionStatus"

 
te @ cdn.min.js:1
(anonymous) @ cdn.min.js:5
Promise.catch
(anonymous) @ cdn.min.js:5
nr @ cdn.min.js:1
M @ cdn.min.js:5
(anonymous) @ cdn.min.js:5
r @ cdn.min.js:5
n @ cdn.min.js:5
lr @ cdn.min.js:5
S @ cdn.min.js:5
(anonymous) @ cdn.min.js:5
_r @ cdn.min.js:5
(anonymous) @ cdn.min.js:5
 Alpine Expression Error: init is not defined

Expression: "init()"

 
te @ cdn.min.js:1
(anonymous) @ cdn.min.js:5
Promise.catch
(anonymous) @ cdn.min.js:5
nr @ cdn.min.js:1
M @ cdn.min.js:5
(anonymous) @ cdn.min.js:5
(anonymous) @ cdn.min.js:5
r @ cdn.min.js:5
n @ cdn.min.js:5
lr @ cdn.min.js:5
S @ cdn.min.js:5
(anonymous) @ cdn.min.js:5
_r @ cdn.min.js:5
(anonymous) @ cdn.min.js:5
 Alpine Expression Error: isConnected is not defined

Expression: "isConnected ? 'connected' : 'disconnected'"

 
te @ cdn.min.js:1
(anonymous) @ cdn.min.js:5
Promise.catch
(anonymous) @ cdn.min.js:5
nr @ cdn.min.js:1
(anonymous) @ cdn.min.js:5
r @ cdn.min.js:5
en @ cdn.min.js:5
D @ cdn.min.js:1
(anonymous) @ cdn.min.js:1
wn @ cdn.min.js:5
r @ cdn.min.js:5
n @ cdn.min.js:5
lr @ cdn.min.js:5
S @ cdn.min.js:5
(anonymous) @ cdn.min.js:5
_r @ cdn.min.js:5
(anonymous) @ cdn.min.js:5
 Alpine Expression Error: statusText is not defined

Expression: "statusText"

 
te @ cdn.min.js:1
(anonymous) @ cdn.min.js:5
Promise.catch
(anonymous) @ cdn.min.js:5
nr @ cdn.min.js:1
(anonymous) @ cdn.min.js:5
r @ cdn.min.js:5
en @ cdn.min.js:5
D @ cdn.min.js:1
(anonymous) @ cdn.min.js:1
(anonymous) @ cdn.min.js:5
r @ cdn.min.js:5
n @ cdn.min.js:5
lr @ cdn.min.js:5
S @ cdn.min.js:5
(anonymous) @ cdn.min.js:5
_r @ cdn.min.js:5
(anonymous) @ cdn.min.js:5
 Alpine Expression Error: toolsDropdown is not defined

Expression: "toolsDropdown"

 
te @ cdn.min.js:1
(anonymous) @ cdn.min.js:5
Promise.catch
(anonymous) @ cdn.min.js:5
nr @ cdn.min.js:1
M @ cdn.min.js:5
(anonymous) @ cdn.min.js:5
r @ cdn.min.js:5
n @ cdn.min.js:5
lr @ cdn.min.js:5
S @ cdn.min.js:5
(anonymous) @ cdn.min.js:5
_r @ cdn.min.js:5
(anonymous) @ cdn.min.js:5
 Alpine Expression Error: isOpen is not defined

Expression: "{ active: isOpen }"

 
te @ cdn.min.js:1
(anonymous) @ cdn.min.js:5
Promise.catch
(anonymous) @ cdn.min.js:5
nr @ cdn.min.js:1
(anonymous) @ cdn.min.js:5
r @ cdn.min.js:5
en @ cdn.min.js:5
D @ cdn.min.js:1
(anonymous) @ cdn.min.js:1
wn @ cdn.min.js:5
r @ cdn.min.js:5
n @ cdn.min.js:5
lr @ cdn.min.js:5
S @ cdn.min.js:5
(anonymous) @ cdn.min.js:5
_r @ cdn.min.js:5
(anonymous) @ cdn.min.js:5
 Alpine Expression Error: init is not defined

Expression: "init()"

 
te @ cdn.min.js:1
(anonymous) @ cdn.min.js:5
Promise.catch
(anonymous) @ cdn.min.js:5
nr @ cdn.min.js:1
M @ cdn.min.js:5
(anonymous) @ cdn.min.js:5
(anonymous) @ cdn.min.js:5
r @ cdn.min.js:5
n @ cdn.min.js:5
lr @ cdn.min.js:5
S @ cdn.min.js:5
(anonymous) @ cdn.min.js:5
_r @ cdn.min.js:5
(anonymous) @ cdn.min.js:5
 Alpine Expression Error: selectedCount is not defined

Expression: "selectedCount"

 
te @ cdn.min.js:1
(anonymous) @ cdn.min.js:5
Promise.catch
(anonymous) @ cdn.min.js:5
nr @ cdn.min.js:1
(anonymous) @ cdn.min.js:5
r @ cdn.min.js:5
en @ cdn.min.js:5
D @ cdn.min.js:1
(anonymous) @ cdn.min.js:1
(anonymous) @ cdn.min.js:5
r @ cdn.min.js:5
n @ cdn.min.js:5
lr @ cdn.min.js:5
S @ cdn.min.js:5
(anonymous) @ cdn.min.js:5
_r @ cdn.min.js:5
(anonymous) @ cdn.min.js:5
 Alpine Expression Error: isOpen is not defined

Expression: "isOpen"

 
te @ cdn.min.js:1
(anonymous) @ cdn.min.js:5
Promise.catch
(anonymous) @ cdn.min.js:5
nr @ cdn.min.js:1
(anonymous) @ cdn.min.js:5
r @ cdn.min.js:5
en @ cdn.min.js:5
D @ cdn.min.js:1
(anonymous) @ cdn.min.js:1
(anonymous) @ cdn.min.js:5
r @ cdn.min.js:5
n @ cdn.min.js:5
lr @ cdn.min.js:5
S @ cdn.min.js:5
(anonymous) @ cdn.min.js:5
_r @ cdn.min.js:5
(anonymous) @ cdn.min.js:5
 Alpine Expression Error: isToolSelected is not defined

Expression: "isToolSelected('calculator')"

 
te @ cdn.min.js:1
(anonymous) @ cdn.min.js:5
Promise.catch
(anonymous) @ cdn.min.js:5
nr @ cdn.min.js:1
(anonymous) @ cdn.min.js:5
r @ cdn.min.js:5
en @ cdn.min.js:5
D @ cdn.min.js:1
(anonymous) @ cdn.min.js:1
wn @ cdn.min.js:5
r @ cdn.min.js:5
n @ cdn.min.js:5
lr @ cdn.min.js:5
S @ cdn.min.js:5
(anonymous) @ cdn.min.js:5
_r @ cdn.min.js:5
(anonymous) @ cdn.min.js:5
 Alpine Expression Error: dataSourcesDropdown is not defined

Expression: "dataSourcesDropdown"

 
te @ cdn.min.js:1
(anonymous) @ cdn.min.js:5
Promise.catch
(anonymous) @ cdn.min.js:5
nr @ cdn.min.js:1
M @ cdn.min.js:5
(anonymous) @ cdn.min.js:5
r @ cdn.min.js:5
n @ cdn.min.js:5
lr @ cdn.min.js:5
S @ cdn.min.js:5
(anonymous) @ cdn.min.js:5
_r @ cdn.min.js:5
(anonymous) @ cdn.min.js:5
 Alpine Expression Error: isOpen is not defined

Expression: "{ active: isOpen }"

 
te @ cdn.min.js:1
(anonymous) @ cdn.min.js:5
Promise.catch
(anonymous) @ cdn.min.js:5
nr @ cdn.min.js:1
(anonymous) @ cdn.min.js:5
r @ cdn.min.js:5
en @ cdn.min.js:5
D @ cdn.min.js:1
(anonymous) @ cdn.min.js:1
wn @ cdn.min.js:5
r @ cdn.min.js:5
n @ cdn.min.js:5
lr @ cdn.min.js:5
S @ cdn.min.js:5
(anonymous) @ cdn.min.js:5
_r @ cdn.min.js:5
(anonymous) @ cdn.min.js:5
 Alpine Expression Error: init is not defined

Expression: "init()"

 
te @ cdn.min.js:1
(anonymous) @ cdn.min.js:5
Promise.catch
(anonymous) @ cdn.min.js:5
nr @ cdn.min.js:1
M @ cdn.min.js:5
(anonymous) @ cdn.min.js:5
(anonymous) @ cdn.min.js:5
r @ cdn.min.js:5
n @ cdn.min.js:5
lr @ cdn.min.js:5
S @ cdn.min.js:5
(anonymous) @ cdn.min.js:5
_r @ cdn.min.js:5
(anonymous) @ cdn.min.js:5
 Alpine Expression Error: selectedCount is not defined

Expression: "selectedCount"

 
te @ cdn.min.js:1
(anonymous) @ cdn.min.js:5
Promise.catch
(anonymous) @ cdn.min.js:5
nr @ cdn.min.js:1
(anonymous) @ cdn.min.js:5
r @ cdn.min.js:5
en @ cdn.min.js:5
D @ cdn.min.js:1
(anonymous) @ cdn.min.js:1
(anonymous) @ cdn.min.js:5
r @ cdn.min.js:5
n @ cdn.min.js:5
lr @ cdn.min.js:5
S @ cdn.min.js:5
(anonymous) @ cdn.min.js:5
_r @ cdn.min.js:5
(anonymous) @ cdn.min.js:5
 Alpine Expression Error: isOpen is not defined

Expression: "isOpen"

 
te @ cdn.min.js:1
(anonymous) @ cdn.min.js:5
Promise.catch
(anonymous) @ cdn.min.js:5
nr @ cdn.min.js:1
(anonymous) @ cdn.min.js:5
r @ cdn.min.js:5
en @ cdn.min.js:5
D @ cdn.min.js:1
(anonymous) @ cdn.min.js:1
(anonymous) @ cdn.min.js:5
r @ cdn.min.js:5
n @ cdn.min.js:5
lr @ cdn.min.js:5
S @ cdn.min.js:5
(anonymous) @ cdn.min.js:5
_r @ cdn.min.js:5
(anonymous) @ cdn.min.js:5
 Alpine Expression Error: dataSources is not defined

Expression: "dataSources"

 
te @ cdn.min.js:1
(anonymous) @ cdn.min.js:5
Promise.catch
(anonymous) @ cdn.min.js:5
nr @ cdn.min.js:1
Yi @ cdn.min.js:5
(anonymous) @ cdn.min.js:5
r @ cdn.min.js:5
en @ cdn.min.js:5
D @ cdn.min.js:1
(anonymous) @ cdn.min.js:1
(anonymous) @ cdn.min.js:5
r @ cdn.min.js:5
n @ cdn.min.js:5
lr @ cdn.min.js:5
S @ cdn.min.js:5
(anonymous) @ cdn.min.js:5
_r @ cdn.min.js:5
(anonymous) @ cdn.min.js:5
 Alpine Expression Error: llmDropdown is not defined

Expression: "llmDropdown"

 
te @ cdn.min.js:1
(anonymous) @ cdn.min.js:5
Promise.catch
(anonymous) @ cdn.min.js:5
nr @ cdn.min.js:1
M @ cdn.min.js:5
(anonymous) @ cdn.min.js:5
r @ cdn.min.js:5
n @ cdn.min.js:5
lr @ cdn.min.js:5
S @ cdn.min.js:5
(anonymous) @ cdn.min.js:5
_r @ cdn.min.js:5
(anonymous) @ cdn.min.js:5
 Alpine Expression Error: isOpen is not defined

Expression: "{ active: isOpen }"

 
te @ cdn.min.js:1
(anonymous) @ cdn.min.js:5
Promise.catch
(anonymous) @ cdn.min.js:5
nr @ cdn.min.js:1
(anonymous) @ cdn.min.js:5
r @ cdn.min.js:5
en @ cdn.min.js:5
D @ cdn.min.js:1
(anonymous) @ cdn.min.js:1
wn @ cdn.min.js:5
r @ cdn.min.js:5
n @ cdn.min.js:5
lr @ cdn.min.js:5
S @ cdn.min.js:5
(anonymous) @ cdn.min.js:5
_r @ cdn.min.js:5
(anonymous) @ cdn.min.js:5
 Alpine Expression Error: init is not defined

Expression: "init()"

 
te @ cdn.min.js:1
(anonymous) @ cdn.min.js:5
Promise.catch
(anonymous) @ cdn.min.js:5
nr @ cdn.min.js:1
M @ cdn.min.js:5
(anonymous) @ cdn.min.js:5
(anonymous) @ cdn.min.js:5
r @ cdn.min.js:5
n @ cdn.min.js:5
lr @ cdn.min.js:5
S @ cdn.min.js:5
(anonymous) @ cdn.min.js:5
_r @ cdn.min.js:5
(anonymous) @ cdn.min.js:5
 Alpine Expression Error: selectedModelName is not defined

Expression: "selectedModelName"

 
te @ cdn.min.js:1
(anonymous) @ cdn.min.js:5
Promise.catch
(anonymous) @ cdn.min.js:5
nr @ cdn.min.js:1
(anonymous) @ cdn.min.js:5
r @ cdn.min.js:5
en @ cdn.min.js:5
D @ cdn.min.js:1
(anonymous) @ cdn.min.js:1
(anonymous) @ cdn.min.js:5
r @ cdn.min.js:5
n @ cdn.min.js:5
lr @ cdn.min.js:5
S @ cdn.min.js:5
(anonymous) @ cdn.min.js:5
_r @ cdn.min.js:5
(anonymous) @ cdn.min.js:5
 Alpine Expression Error: isOpen is not defined

Expression: "isOpen"

 
te @ cdn.min.js:1
(anonymous) @ cdn.min.js:5
Promise.catch
(anonymous) @ cdn.min.js:5
nr @ cdn.min.js:1
(anonymous) @ cdn.min.js:5
r @ cdn.min.js:5
en @ cdn.min.js:5
D @ cdn.min.js:1
(anonymous) @ cdn.min.js:1
(anonymous) @ cdn.min.js:5
r @ cdn.min.js:5
n @ cdn.min.js:5
lr @ cdn.min.js:5
S @ cdn.min.js:5
(anonymous) @ cdn.min.js:5
_r @ cdn.min.js:5
(anonymous) @ cdn.min.js:5
 Alpine Expression Error: availableLLMs is not defined

Expression: "availableLLMs"

 
te @ cdn.min.js:1
(anonymous) @ cdn.min.js:5
Promise.catch
(anonymous) @ cdn.min.js:5
nr @ cdn.min.js:1
Yi @ cdn.min.js:5
(anonymous) @ cdn.min.js:5
r @ cdn.min.js:5
en @ cdn.min.js:5
D @ cdn.min.js:1
(anonymous) @ cdn.min.js:1
(anonymous) @ cdn.min.js:5
r @ cdn.min.js:5
n @ cdn.min.js:5
lr @ cdn.min.js:5
S @ cdn.min.js:5
(anonymous) @ cdn.min.js:5
_r @ cdn.min.js:5
(anonymous) @ cdn.min.js:5
 Alpine Expression Error: chatApp is not defined

Expression: "chatApp()"

 
te @ cdn.min.js:1
(anonymous) @ cdn.min.js:5
Promise.catch
(anonymous) @ cdn.min.js:5
nr @ cdn.min.js:1
M @ cdn.min.js:5
(anonymous) @ cdn.min.js:5
r @ cdn.min.js:5
n @ cdn.min.js:5
lr @ cdn.min.js:5
S @ cdn.min.js:5
(anonymous) @ cdn.min.js:5
_r @ cdn.min.js:5
(anonymous) @ cdn.min.js:5
 Alpine Expression Error: toastManager is not defined

Expression: "toastManager"

 
te @ cdn.min.js:1
(anonymous) @ cdn.min.js:5
Promise.catch
(anonymous) @ cdn.min.js:5
nr @ cdn.min.js:1
M @ cdn.min.js:5
(anonymous) @ cdn.min.js:5
r @ cdn.min.js:5
n @ cdn.min.js:5
lr @ cdn.min.js:5
S @ cdn.min.js:5
(anonymous) @ cdn.min.js:5
_r @ cdn.min.js:5
(anonymous) @ cdn.min.js:5
 Alpine Expression Error: init is not defined

Expression: "init()"

 
te @ cdn.min.js:1
(anonymous) @ cdn.min.js:5
Promise.catch
(anonymous) @ cdn.min.js:5
nr @ cdn.min.js:1
M @ cdn.min.js:5
(anonymous) @ cdn.min.js:5
(anonymous) @ cdn.min.js:5
r @ cdn.min.js:5
n @ cdn.min.js:5
lr @ cdn.min.js:5
S @ cdn.min.js:5
(anonymous) @ cdn.min.js:5
_r @ cdn.min.js:5
(anonymous) @ cdn.min.js:5
 Alpine Expression Error: toasts is not defined

Expression: "toasts"

 
te @ cdn.min.js:1
(anonymous) @ cdn.min.js:5
Promise.catch
(anonymous) @ cdn.min.js:5
nr @ cdn.min.js:1
Yi @ cdn.min.js:5
(anonymous) @ cdn.min.js:5
r @ cdn.min.js:5
en @ cdn.min.js:5
D @ cdn.min.js:1
(anonymous) @ cdn.min.js:1
(anonymous) @ cdn.min.js:5
r @ cdn.min.js:5
n @ cdn.min.js:5
lr @ cdn.min.js:5
S @ cdn.min.js:5
(anonymous) @ cdn.min.js:5
_r @ cdn.min.js:5
(anonymous) @ cdn.min.js:5
cdn.min.js:5 Uncaught ReferenceError: connectionStatus is not defined
[Alpine] connectionStatus @ unknown
(anonymous) @ cdn.min.js:5
nr @ cdn.min.js:1
M @ cdn.min.js:5
(anonymous) @ cdn.min.js:5
r @ cdn.min.js:5
n @ cdn.min.js:5
lr @ cdn.min.js:5
S @ cdn.min.js:5
(anonymous) @ cdn.min.js:5
_r @ cdn.min.js:5
(anonymous) @ cdn.min.js:5
cdn.min.js:5 Uncaught ReferenceError: init is not defined
[Alpine] init() @ unknown
(anonymous) @ cdn.min.js:5
nr @ cdn.min.js:1
M @ cdn.min.js:5
(anonymous) @ cdn.min.js:5
(anonymous) @ cdn.min.js:5
r @ cdn.min.js:5
n @ cdn.min.js:5
lr @ cdn.min.js:5
S @ cdn.min.js:5
(anonymous) @ cdn.min.js:5
_r @ cdn.min.js:5
(anonymous) @ cdn.min.js:5
cdn.min.js:5 Uncaught ReferenceError: isConnected is not defined
[Alpine] isConnected ? 'connected' : 'disconnected' @ unknown
(anonymous) @ cdn.min.js:5
nr @ cdn.min.js:1
(anonymous) @ cdn.min.js:5
r @ cdn.min.js:5
en @ cdn.min.js:5
D @ cdn.min.js:1
(anonymous) @ cdn.min.js:1
wn @ cdn.min.js:5
r @ cdn.min.js:5
n @ cdn.min.js:5
lr @ cdn.min.js:5
S @ cdn.min.js:5
(anonymous) @ cdn.min.js:5
_r @ cdn.min.js:5
(anonymous) @ cdn.min.js:5
cdn.min.js:5 Uncaught ReferenceError: statusText is not defined
[Alpine] statusText @ unknown
(anonymous) @ cdn.min.js:5
nr @ cdn.min.js:1
(anonymous) @ cdn.min.js:5
r @ cdn.min.js:5
en @ cdn.min.js:5
D @ cdn.min.js:1
(anonymous) @ cdn.min.js:1
(anonymous) @ cdn.min.js:5
r @ cdn.min.js:5
n @ cdn.min.js:5
lr @ cdn.min.js:5
S @ cdn.min.js:5
(anonymous) @ cdn.min.js:5
_r @ cdn.min.js:5
(anonymous) @ cdn.min.js:5
cdn.min.js:5 Uncaught ReferenceError: toolsDropdown is not defined
[Alpine] toolsDropdown @ unknown
(anonymous) @ cdn.min.js:5
nr @ cdn.min.js:1
M @ cdn.min.js:5
(anonymous) @ cdn.min.js:5
r @ cdn.min.js:5
n @ cdn.min.js:5
lr @ cdn.min.js:5
S @ cdn.min.js:5
(anonymous) @ cdn.min.js:5
_r @ cdn.min.js:5
(anonymous) @ cdn.min.js:5
cdn.min.js:5 Uncaught ReferenceError: isOpen is not defined
[Alpine] { active: isOpen } @ VM1740:3
(anonymous) @ cdn.min.js:5
nr @ cdn.min.js:1
(anonymous) @ cdn.min.js:5
r @ cdn.min.js:5
en @ cdn.min.js:5
D @ cdn.min.js:1
(anonymous) @ cdn.min.js:1
wn @ cdn.min.js:5
r @ cdn.min.js:5
n @ cdn.min.js:5
lr @ cdn.min.js:5
S @ cdn.min.js:5
(anonymous) @ cdn.min.js:5
_r @ cdn.min.js:5
(anonymous) @ cdn.min.js:5
cdn.min.js:5 Uncaught ReferenceError: init is not defined
[Alpine] init() @ VM1736:3
(anonymous) @ cdn.min.js:5
nr @ cdn.min.js:1
M @ cdn.min.js:5
(anonymous) @ cdn.min.js:5
(anonymous) @ cdn.min.js:5
r @ cdn.min.js:5
n @ cdn.min.js:5
lr @ cdn.min.js:5
S @ cdn.min.js:5
(anonymous) @ cdn.min.js:5
_r @ cdn.min.js:5
(anonymous) @ cdn.min.js:5
cdn.min.js:5 Uncaught ReferenceError: selectedCount is not defined
[Alpine] selectedCount @ VM1743:3
(anonymous) @ cdn.min.js:5
nr @ cdn.min.js:1
(anonymous) @ cdn.min.js:5
r @ cdn.min.js:5
en @ cdn.min.js:5
D @ cdn.min.js:1
(anonymous) @ cdn.min.js:1
(anonymous) @ cdn.min.js:5
r @ cdn.min.js:5
n @ cdn.min.js:5
lr @ cdn.min.js:5
S @ cdn.min.js:5
(anonymous) @ cdn.min.js:5
_r @ cdn.min.js:5
(anonymous) @ cdn.min.js:5
cdn.min.js:5 Uncaught ReferenceError: isOpen is not defined
[Alpine] isOpen @ VM1744:3
(anonymous) @ cdn.min.js:5
nr @ cdn.min.js:1
(anonymous) @ cdn.min.js:5
r @ cdn.min.js:5
en @ cdn.min.js:5
D @ cdn.min.js:1
(anonymous) @ cdn.min.js:1
(anonymous) @ cdn.min.js:5
r @ cdn.min.js:5
n @ cdn.min.js:5
lr @ cdn.min.js:5
S @ cdn.min.js:5
(anonymous) @ cdn.min.js:5
_r @ cdn.min.js:5
(anonymous) @ cdn.min.js:5
cdn.min.js:5 Uncaught ReferenceError: isToolSelected is not defined
[Alpine] isToolSelected('calculator') @ VM1745:3
(anonymous) @ cdn.min.js:5
nr @ cdn.min.js:1
(anonymous) @ cdn.min.js:5
r @ cdn.min.js:5
en @ cdn.min.js:5
D @ cdn.min.js:1
(anonymous) @ cdn.min.js:1
wn @ cdn.min.js:5
r @ cdn.min.js:5
n @ cdn.min.js:5
lr @ cdn.min.js:5
S @ cdn.min.js:5
(anonymous) @ cdn.min.js:5
_r @ cdn.min.js:5
(anonymous) @ cdn.min.js:5
cdn.min.js:5 Uncaught ReferenceError: dataSourcesDropdown is not defined
[Alpine] dataSourcesDropdown @ VM1747:3
(anonymous) @ cdn.min.js:5
nr @ cdn.min.js:1
M @ cdn.min.js:5
(anonymous) @ cdn.min.js:5
r @ cdn.min.js:5
n @ cdn.min.js:5
lr @ cdn.min.js:5
S @ cdn.min.js:5
(anonymous) @ cdn.min.js:5
_r @ cdn.min.js:5
(anonymous) @ cdn.min.js:5
cdn.min.js:5 Uncaught ReferenceError: isOpen is not defined
[Alpine] { active: isOpen } @ VM1740:3
(anonymous) @ cdn.min.js:5
nr @ cdn.min.js:1
(anonymous) @ cdn.min.js:5
r @ cdn.min.js:5
en @ cdn.min.js:5
D @ cdn.min.js:1
(anonymous) @ cdn.min.js:1
wn @ cdn.min.js:5
r @ cdn.min.js:5
n @ cdn.min.js:5
lr @ cdn.min.js:5
S @ cdn.min.js:5
(anonymous) @ cdn.min.js:5
_r @ cdn.min.js:5
(anonymous) @ cdn.min.js:5
cdn.min.js:5 Uncaught ReferenceError: init is not defined
[Alpine] init() @ VM1736:3
(anonymous) @ cdn.min.js:5
nr @ cdn.min.js:1
M @ cdn.min.js:5
(anonymous) @ cdn.min.js:5
(anonymous) @ cdn.min.js:5
r @ cdn.min.js:5
n @ cdn.min.js:5
lr @ cdn.min.js:5
S @ cdn.min.js:5
(anonymous) @ cdn.min.js:5
_r @ cdn.min.js:5
(anonymous) @ cdn.min.js:5
cdn.min.js:5 Uncaught ReferenceError: selectedCount is not defined
[Alpine] selectedCount @ VM1743:3
(anonymous) @ cdn.min.js:5
nr @ cdn.min.js:1
(anonymous) @ cdn.min.js:5
r @ cdn.min.js:5
en @ cdn.min.js:5
D @ cdn.min.js:1
(anonymous) @ cdn.min.js:1
(anonymous) @ cdn.min.js:5
r @ cdn.min.js:5
n @ cdn.min.js:5
lr @ cdn.min.js:5
S @ cdn.min.js:5
(anonymous) @ cdn.min.js:5
_r @ cdn.min.js:5
(anonymous) @ cdn.min.js:5
cdn.min.js:5 Uncaught ReferenceError: isOpen is not defined
[Alpine] isOpen @ VM1744:3
(anonymous) @ cdn.min.js:5
nr @ cdn.min.js:1
(anonymous) @ cdn.min.js:5
r @ cdn.min.js:5
en @ cdn.min.js:5
D @ cdn.min.js:1
(anonymous) @ cdn.min.js:1
(anonymous) @ cdn.min.js:5
r @ cdn.min.js:5
n @ cdn.min.js:5
lr @ cdn.min.js:5
S @ cdn.min.js:5
(anonymous) @ cdn.min.js:5
_r @ cdn.min.js:5
(anonymous) @ cdn.min.js:5
cdn.min.js:5 Uncaught ReferenceError: dataSources is not defined
[Alpine] dataSources @ VM1748:3
(anonymous) @ cdn.min.js:5
nr @ cdn.min.js:1
Yi @ cdn.min.js:5
(anonymous) @ cdn.min.js:5
r @ cdn.min.js:5
en @ cdn.min.js:5
D @ cdn.min.js:1
(anonymous) @ cdn.min.js:1
(anonymous) @ cdn.min.js:5
r @ cdn.min.js:5
n @ cdn.min.js:5
lr @ cdn.min.js:5
S @ cdn.min.js:5
(anonymous) @ cdn.min.js:5
_r @ cdn.min.js:5
(anonymous) @ cdn.min.js:5
cdn.min.js:5 Uncaught ReferenceError: llmDropdown is not defined
[Alpine] llmDropdown @ VM1750:3
(anonymous) @ cdn.min.js:5
nr @ cdn.min.js:1
M @ cdn.min.js:5
(anonymous) @ cdn.min.js:5
r @ cdn.min.js:5
n @ cdn.min.js:5
lr @ cdn.min.js:5
S @ cdn.min.js:5
(anonymous) @ cdn.min.js:5
_r @ cdn.min.js:5
(anonymous) @ cdn.min.js:5
cdn.min.js:5 Uncaught ReferenceError: isOpen is not defined
[Alpine] { active: isOpen } @ VM1740:3
(anonymous) @ cdn.min.js:5
nr @ cdn.min.js:1
(anonymous) @ cdn.min.js:5
r @ cdn.min.js:5
en @ cdn.min.js:5
D @ cdn.min.js:1
(anonymous) @ cdn.min.js:1
wn @ cdn.min.js:5
r @ cdn.min.js:5
n @ cdn.min.js:5
lr @ cdn.min.js:5
S @ cdn.min.js:5
(anonymous) @ cdn.min.js:5
_r @ cdn.min.js:5
(anonymous) @ cdn.min.js:5
cdn.min.js:5 Uncaught ReferenceError: init is not defined
[Alpine] init() @ VM1736:3
(anonymous) @ cdn.min.js:5
nr @ cdn.min.js:1
M @ cdn.min.js:5
(anonymous) @ cdn.min.js:5
(anonymous) @ cdn.min.js:5
r @ cdn.min.js:5
n @ cdn.min.js:5
lr @ cdn.min.js:5
S @ cdn.min.js:5
(anonymous) @ cdn.min.js:5
_r @ cdn.min.js:5
(anonymous) @ cdn.min.js:5
cdn.min.js:5 Uncaught ReferenceError: selectedModelName is not defined
[Alpine] selectedModelName @ VM1751:3
(anonymous) @ cdn.min.js:5
nr @ cdn.min.js:1
(anonymous) @ cdn.min.js:5
r @ cdn.min.js:5
en @ cdn.min.js:5
D @ cdn.min.js:1
(anonymous) @ cdn.min.js:1
(anonymous) @ cdn.min.js:5
r @ cdn.min.js:5
n @ cdn.min.js:5
lr @ cdn.min.js:5
S @ cdn.min.js:5
(anonymous) @ cdn.min.js:5
_r @ cdn.min.js:5
(anonymous) @ cdn.min.js:5
cdn.min.js:5 Uncaught ReferenceError: isOpen is not defined
[Alpine] isOpen @ VM1744:3
(anonymous) @ cdn.min.js:5
nr @ cdn.min.js:1
(anonymous) @ cdn.min.js:5
r @ cdn.min.js:5
en @ cdn.min.js:5
D @ cdn.min.js:1
(anonymous) @ cdn.min.js:1
(anonymous) @ cdn.min.js:5
r @ cdn.min.js:5
n @ cdn.min.js:5
lr @ cdn.min.js:5
S @ cdn.min.js:5
(anonymous) @ cdn.min.js:5
_r @ cdn.min.js:5
(anonymous) @ cdn.min.js:5
cdn.min.js:5 Uncaught ReferenceError: availableLLMs is not defined
[Alpine] availableLLMs @ VM1752:3
(anonymous) @ cdn.min.js:5
nr @ cdn.min.js:1
Yi @ cdn.min.js:5
(anonymous) @ cdn.min.js:5
r @ cdn.min.js:5
en @ cdn.min.js:5
D @ cdn.min.js:1
(anonymous) @ cdn.min.js:1
(anonymous) @ cdn.min.js:5
r @ cdn.min.js:5
n @ cdn.min.js:5
lr @ cdn.min.js:5
S @ cdn.min.js:5
(anonymous) @ cdn.min.js:5
_r @ cdn.min.js:5
(anonymous) @ cdn.min.js:5
cdn.min.js:5 Uncaught ReferenceError: chatApp is not defined
[Alpine] chatApp() @ VM1754:3
(anonymous) @ cdn.min.js:5
nr @ cdn.min.js:1
M @ cdn.min.js:5
(anonymous) @ cdn.min.js:5
r @ cdn.min.js:5
n @ cdn.min.js:5
lr @ cdn.min.js:5
S @ cdn.min.js:5
(anonymous) @ cdn.min.js:5
_r @ cdn.min.js:5
(anonymous) @ cdn.min.js:5
cdn.min.js:5 Uncaught ReferenceError: toastManager is not defined
[Alpine] toastManager @ VM1755:3
(anonymous) @ cdn.min.js:5
nr @ cdn.min.js:1
M @ cdn.min.js:5
(anonymous) @ cdn.min.js:5
r @ cdn.min.js:5
n @ cdn.min.js:5
lr @ cdn.min.js:5
S @ cdn.min.js:5
(anonymous) @ cdn.min.js:5
_r @ cdn.min.js:5
(anonymous) @ cdn.min.js:5
cdn.min.js:5 Uncaught ReferenceError: init is not defined
[Alpine] init() @ VM1736:3
(anonymous) @ cdn.min.js:5
nr @ cdn.min.js:1
M @ cdn.min.js:5
(anonymous) @ cdn.min.js:5
(anonymous) @ cdn.min.js:5
r @ cdn.min.js:5
n @ cdn.min.js:5
lr @ cdn.min.js:5
S @ cdn.min.js:5
(anonymous) @ cdn.min.js:5
_r @ cdn.min.js:5
(anonymous) @ cdn.min.js:5
cdn.min.js:5 Uncaught ReferenceError: toasts is not defined
[Alpine] toasts @ VM1756:3
(anonymous) @ cdn.min.js:5
nr @ cdn.min.js:1
Yi @ cdn.min.js:5
(anonymous) @ cdn.min.js:5
r @ cdn.min.js:5
en @ cdn.min.js:5
D @ cdn.min.js:1
(anonymous) @ cdn.min.js:1
(anonymous) @ cdn.min.js:5
r @ cdn.min.js:5
n @ cdn.min.js:5
lr @ cdn.min.js:5
S @ cdn.min.js:5
(anonymous) @ cdn.min.js:5
_r @ cdn.min.js:5
(anonymous) @ cdn.min.js:5
