============================= test session starts =============================
platform win32 -- Python 3.12.10, pytest-8.4.1, pluggy-1.6.0 -- C:\Users\garla\git\chat-data-mcp-tools-ui\.venv\Scripts\python.exe
cachedir: .pytest_cache
rootdir: C:\Users\garla\git\chat-data-mcp-tools-ui
configfile: pytest.ini
plugins: anyio-4.9.0, asyncio-1.0.0, timeout-2.4.0
asyncio: mode=Mode.STRICT, asyncio_default_fixture_loop_scope=None, asyncio_default_test_loop_scope=function
timeout: 60.0s
timeout method: thread
timeout func_only: False
collecting ... collected 44 items / 1 error

=================================== ERRORS ====================================
_____________________ ERROR collecting tests/test_chat.py _____________________
tests\test_chat.py:1: in <module>
    client = TestClient(app)
             ^^^^^^^^^^
E   NameError: name 'TestClient' is not defined
============================== warnings summary ===============================
tests\test_llm_real.py:6
  C:\Users\garla\git\chat-data-mcp-tools-ui\tests\test_llm_real.py:6: PytestUnknownMarkWarning: Unknown pytest.mark.real_llm - is this a typo?  You can register custom marks to avoid this warning - for details, see https://docs.pytest.org/en/stable/how-to/mark.html
    @pytest.mark.real_llm

-- Docs: https://docs.pytest.org/en/stable/how-to/capture-warnings.html
=========================== short test summary info ===========================
ERROR tests/test_chat.py - NameError: name 'TestClient' is not defined
!!!!!!!!!!!!!!!!!!! Interrupted: 1 error during collection !!!!!!!!!!!!!!!!!!!!
========================= 1 warning, 1 error in 0.29s =========================
